// Jest Snapshot v1, https://goo.gl/fbAQLP

exports[`mock: check mock calls 1`] = `
Array [
  Array [
    "123",
  ],
]
`;
